// Jest Snapshot v1, https://goo.gl/fbAQLP

exports[`Version Controller View Snapshot renders correctly 1`] = `
<div
  className="version-section-wrapper"
>
  <div
    className="version-status-container"
  >
    version
    <select
      className="version-selector"
      data-test-id="vc-versions-select-box"
      onChange={[Function]}
      value="7b5f6b086613470985082df2c0f6c713"
    >
      <option
        data-test-id="vc-version-option"
        value="7b5f6b086613470985082df2c0f6c713"
      >
        1.0 DRAFT
      </option>
      <option
        data-test-id="vc-version-option"
        value="7b5f6b086613470985082df2c0f6c666"
      >
        2.0 Draft
      </option>
    </select>
    <span
      className="version-selector-more-versions"
      data-test-id="vc-versions-page-link"
      onClick={undefined}
    >
      viewOverview
    </span>
  </div>
</div>
`;
