// Jest Snapshot v1, https://goo.gl/fbAQLP

exports[`Create new version snapshot renders correctly 1`] = `
<form
  onSubmit={[Function]}
>
  <div
    className="new-version-page custom-modal-wrapper "
  >
    <div
      className="select-wrapper version-selector sdc-input"
    >
      <label>
        category
      </label>
      <select
        className="inputinput-selector"
        data-test-id="vc-select-box"
        disabled={true}
        value={undefined}
      >
        <option
          data-test-id="vc-option"
          value="2"
        >
          Major
        </option>
        <option
          data-test-id="vc-option"
          value="1"
        >
          Minor
        </option>
      </select>
    </div>
    <div
      className="description-part"
    >
      <div
        className="sdc-input"
      >
        <div
          className="sdc-input__label"
        >
          description
        </div>
        <textarea
          className="field-section sdc-input__input"
          data-test-id="new-version-description"
          onChange={[Function]}
          value={undefined}
        />
      </div>
    </div>
    <div
      className="modal-action-bar"
    >
      <button
        className="sdc-button sdc-button__primary   "
        disabled={false}
        onClick={undefined}
      >
        createBtn
      </button>
      <button
        className="sdc-button sdc-button__secondary   "
        disabled={false}
        onClick={undefined}
      >
        closeBtn
      </button>
    </div>
  </div>
</form>
`;
